<?xml version="1.0"?>
<testsuite failures="0" skipped="0" name="cucumber-js" time="4.664079165" tests="2">
  <testcase classname="Bookstore" name="Bookstore desktop - Verify Bookstore" time="2.4632936500000002">
    <system-out><![CDATA[Given Go to homepage on desktop screen....................................passed
Then Verify Required Elements on Bookstore................................passed
Then Verify book list:....................................................passed
When User search for "Java"...............................................passed
Then Verify book list:....................................................passed
When User search for "Selenium"...........................................passed
Then Verify book list:....................................................passed]]></system-out>
  </testcase>
  <testcase classname="Bookstore" name="Bookstore mobile - Verify Bookstore" time="2.200785515">
    <system-out><![CDATA[Given Go to homepage on mobile screen.....................................passed
Then Verify Required Elements on Bookstore................................passed
Then Verify book list:....................................................passed
When User search for "Java"...............................................passed
Then Verify book list:....................................................passed
When User search for "Selenium"...........................................passed
Then Verify book list:....................................................passed]]></system-out>
  </testcase>
</testsuite>